// Jest Snapshot v1, https://goo.gl/fbAQLP

exports[`Errors with bad config 1`] = `[Error: Error for 'application.mongoose' value{"isJoi":true,"name":"ValidationError","details":[{"message":"\\"value\\" must be an object","path":"value","type":"object.base","context":{"key":"value"}}],"_object":"bad"}]`;

exports[`Errors with host and database_name and unknown value 1`] = `[Error: Error for 'application.mongoose' value{"isJoi":true,"name":"ValidationError","details":[{"message":"\\"lol\\" is not allowed","path":"lol","type":"object.allowUnknown","context":{"child":"lol","key":"lol"}}],"_object":{"host":"localhost","database_name":"test","lol":"test"}}]`;

exports[`Errors with host without database_name 1`] = `[Error: Error for 'application.mongoose' value{"isJoi":true,"name":"ValidationError","details":[{"message":"\\"value\\" contains [host] without its required peers [database_name]","path":"value","type":"object.and","context":{"present":["host"],"presentWithLabels":["host"],"missing":["database_name"],"missingWithLabels":["database_name"],"key":"value"}}],"_object":{"host":"localhost"}}]`;

exports[`Errors without config folder 1`] = `[TypeError: Cannot read property 'host' of undefined]`;

exports[`with config host & database 1`] = `Array []`;

exports[`with config host & database 2`] = `"test"`;

exports[`with config uri 1`] = `Array []`;

exports[`with config uri 2`] = `"test"`;
